]0;/home/gurudev/projects/data_science_blog]0;gurudev@beacon: ~/projects/data_science_blog[01;32mgurudev@beacon[00m:[01;34m~/projects/data_science_blog[00m$ git push origin mastercommit -a -m "readme added to buildignore"add -A[K
]0;/home/gurudev/projects/data_science_blog]0;gurudev@beacon: ~/projects/data_science_blog[01;32mgurudev@beacon[00m:[01;34m~/projects/data_science_blog[00m$ git add -Apush origin master[K[K[K[K[K[K[K[K[K[K[K[K[K[K[K[K[K[Kcomit -a -m "nse [K[K[K[Kkable styling"
git: 'comit' is not a git command. See 'git --help'.

The most similar command is
	commit
]0;/home/gurudev/projects/data_science_blog]0;gurudev@beacon: ~/projects/data_science_blog[01;32mgurudev@beacon[00m:[01;34m~/projects/data_science_blog[00m$ git comit -a -m "kable styling"[1@m[1P[C[C[1@m
[master 22deb28] kable styling
 54 files changed, 79289 insertions(+), 34562 deletions(-)
 rewrite .Rproj.user/B26CD267/console06/DC0D6D71 (99%)
 rewrite .Rproj.user/B26CD267/console06/INDEX001 (87%)
 delete mode 100644 blogdown/projects/2018-07-29_nse_bse_api_cache/html/setup_e7675d8fcf67ffd6a9d1b56e5bcffc4c.RData
 delete mode 100644 blogdown/projects/2018-07-29_nse_bse_api_cache/html/setup_e7675d8fcf67ffd6a9d1b56e5bcffc4c.rdb
 delete mode 100644 blogdown/projects/2018-07-29_nse_bse_api_cache/html/setup_e7675d8fcf67ffd6a9d1b56e5bcffc4c.rdx
 create mode 100644 blogdown/projects/2018-07-29_nse_bse_api_cache/html/setup_f74212d156e8ee208e27fbd341e2ea3f.RData
 create mode 100644 blogdown/projects/2018-07-29_nse_bse_api_cache/html/setup_f74212d156e8ee208e27fbd341e2ea3f.rdb
 create mode 100644 blogdown/projects/2018-07-29_nse_bse_api_cache/html/setup_f74212d156e8ee208e27fbd341e2ea3f.rdx
 rename content/projects/data/{bse_compiled_2018_07_27.csv => bse_compiled_2018_07_30.csv} (82%)
 rename content/projects/data/{nse_compiled_2018_07_27.csv => nse_compiled_2018_07_30.csv} (85%)
 rewrite public/projects/2018-07-29_nse_bse_api_files/figure-html/unnamed-chunk-7-1.png (96%)
 create mode 100644 public/projects/data/bse_compiled_2018_07_30.csv
 create mode 100644 public/projects/data/nse_compiled_2018_07_30.csv
 rewrite static/projects/2018-07-29_nse_bse_api_files/figure-html/unnamed-chunk-7-1.png (96%)
]0;/home/gurudev/projects/data_science_blog]0;gurudev@beacon: ~/projects/data_science_blog[01;32mgurudev@beacon[00m:[01;34m~/projects/data_science_blog[00m$ git push origin [K[Kn master
Counting objects: 89, done.
Delta compression using up to 8 threads.
Compressing objects:   1% (1/73)   Compressing objects:   2% (2/73)   Compressing objects:   4% (3/73)   Compressing objects:   5% (4/73)   Compressing objects:   6% (5/73)   Compressing objects:   8% (6/73)   Compressing objects:   9% (7/73)   Compressing objects:  10% (8/73)   Compressing objects:  12% (9/73)   Compressing objects:  13% (10/73)   Compressing objects:  15% (11/73)   Compressing objects:  16% (12/73)   Compressing objects:  17% (13/73)   Compressing objects:  19% (14/73)   Compressing objects:  20% (15/73)   Compressing objects:  21% (16/73)   Compressing objects:  23% (17/73)   Compressing objects:  24% (18/73)   Compressing objects:  26% (19/73)   Compressing objects:  27% (20/73)   Compressing objects:  28% (21/73)   Compressing objects:  30% (22/73)   Compressing objects:  31% (23/73)   Compressing objects:  32% (24/73)   Compressing objects:  34% (25/73)   Compressing objects:  35% (26/73)   Compressing objects:  36% (27/73)   Compressing objects:  38% (28/73)   Compressing objects:  39% (29/73)   Compressing objects:  41% (30/73)   Compressing objects:  42% (31/73)   Compressing objects:  43% (32/73)   Compressing objects:  45% (33/73)   Compressing objects:  46% (34/73)   Compressing objects:  47% (35/73)   Compressing objects:  49% (36/73)   Compressing objects:  50% (37/73)   Compressing objects:  52% (38/73)   Compressing objects:  53% (39/73)   Compressing objects:  54% (40/73)   Compressing objects:  56% (41/73)   Compressing objects:  57% (42/73)   Compressing objects:  58% (43/73)   Compressing objects:  60% (44/73)   Compressing objects:  61% (45/73)   Compressing objects:  63% (46/73)   Compressing objects:  64% (47/73)   Compressing objects:  65% (48/73)   Compressing objects:  67% (49/73)   Compressing objects:  68% (50/73)   Compressing objects:  69% (51/73)   Compressing objects:  71% (52/73)   Compressing objects:  72% (53/73)   Compressing objects:  73% (54/73)   Compressing objects:  75% (55/73)   Compressing objects:  76% (56/73)   Compressing objects:  78% (57/73)   Compressing objects:  79% (58/73)   Compressing objects:  80% (59/73)   Compressing objects:  82% (60/73)   Compressing objects:  83% (61/73)   Compressing objects:  84% (62/73)   Compressing objects:  86% (63/73)   Compressing objects:  87% (64/73)   Compressing objects:  89% (65/73)   Compressing objects:  90% (66/73)   Compressing objects:  91% (67/73)   Compressing objects:  93% (68/73)   Compressing objects:  94% (69/73)   Compressing objects:  95% (70/73)   Compressing objects:  97% (71/73)   Compressing objects:  98% (72/73)   Compressing objects: 100% (73/73)   Compressing objects: 100% (73/73), done.
Writing objects:   1% (1/89)   Writing objects:   2% (2/89)   Writing objects:   3% (3/89)   Writing objects:   4% (4/89)   Writing objects:   5% (5/89)   Writing objects:   6% (6/89)   Writing objects:   7% (7/89)   Writing objects:   8% (8/89)   Writing objects:  10% (9/89)   Writing objects:  11% (10/89)   Writing objects:  12% (11/89)   Writing objects:  13% (12/89)   Writing objects:  14% (13/89)   Writing objects:  15% (14/89)   Writing objects:  16% (15/89)   Writing objects:  17% (16/89)   Writing objects:  19% (17/89)   Writing objects:  20% (18/89)   Writing objects:  21% (19/89)   Writing objects:  22% (20/89)   Writing objects:  23% (21/89)   Writing objects:  24% (22/89)   Writing objects:  25% (23/89)   Writing objects:  26% (24/89)   Writing objects:  28% (25/89)   Writing objects:  29% (26/89)   Writing objects:  30% (27/89)   Writing objects:  31% (28/89)   Writing objects:  32% (29/89)   Writing objects:  33% (30/89)   Writing objects:  34% (31/89)   Writing objects:  35% (32/89)   Writing objects:  37% (33/89)   Writing objects:  38% (34/89)   Writing objects:  39% (35/89)   Writing objects:  40% (36/89)   Writing objects:  41% (37/89)   Writing objects:  42% (38/89)   Writing objects:  43% (39/89)   Writing objects:  44% (40/89)   Writing objects:  46% (41/89)   Writing objects:  47% (42/89)   Writing objects:  48% (43/89)   Writing objects:  49% (44/89)   Writing objects:  50% (45/89)   Writing objects:  51% (46/89)   Writing objects:  52% (47/89)   Writing objects:  53% (48/89)   Writing objects:  55% (49/89)   Writing objects:  56% (50/89)   Writing objects:  57% (51/89)   Writing objects:  58% (52/89)   Writing objects:  59% (53/89)   Writing objects:  60% (54/89)   Writing objects:  61% (55/89)   Writing objects:  62% (56/89)   Writing objects:  64% (57/89)   Writing objects:  65% (58/89)   Writing objects:  66% (59/89)   Writing objects:  67% (60/89)   Writing objects:  68% (61/89)   Writing objects:  69% (62/89)   Writing objects:  70% (63/89)   Writing objects:  71% (64/89)   Writing objects:  73% (65/89)   Writing objects:  74% (66/89)   Writing objects:  75% (67/89)   Writing objects:  76% (68/89)   Writing objects:  77% (69/89)   Writing objects:  78% (70/89)   Writing objects:  79% (71/89)   Writing objects:  80% (72/89)   Writing objects:  82% (73/89)   Writing objects:  83% (74/89)   Writing objects:  84% (75/89)   Writing objects:  85% (76/89)   Writing objects:  86% (77/89)   Writing objects:  87% (78/89)   Writing objects:  88% (79/89)   Writing objects:  89% (80/89)   Writing objects:  91% (81/89)   Writing objects:  92% (82/89)   Writing objects:  93% (83/89)   Writing objects:  94% (84/89)   Writing objects:  95% (85/89)   Writing objects:  96% (86/89)   Writing objects:  97% (87/89)   Writing objects:  98% (88/89)   Writing objects: 100% (89/89)   Writing objects: 100% (89/89), 1.20 MiB | 2.90 MiB/s, done.
Total 89 (delta 45), reused 0 (delta 0)
remote: Resolving deltas:   0% (0/45)   [Kremote: Resolving deltas:   2% (1/45)   [Kremote: Resolving deltas:   4% (2/45)   [Kremote: Resolving deltas:   6% (3/45)   [Kremote: Resolving deltas:   8% (4/45)   [Kremote: Resolving deltas:  11% (5/45)   [Kremote: Resolving deltas:  13% (6/45)   [Kremote: Resolving deltas:  15% (7/45)   [Kremote: Resolving deltas:  17% (8/45)   [Kremote: Resolving deltas:  20% (9/45)   [Kremote: Resolving deltas:  22% (10/45)   [Kremote: Resolving deltas:  24% (11/45)   [Kremote: Resolving deltas:  26% (12/45)   [Kremote: Resolving deltas:  28% (13/45)   [Kremote: Resolving deltas:  31% (14/45)   [Kremote: Resolving deltas:  33% (15/45)   [Kremote: Resolving deltas:  35% (16/45)   [Kremote: Resolving deltas:  37% (17/45)   [Kremote: Resolving deltas:  40% (18/45)   [Kremote: Resolving deltas:  42% (19/45)   [Kremote: Resolving deltas:  44% (20/45)   [Kremote: Resolving deltas:  46% (21/45)   [Kremote: Resolving deltas:  48% (22/45)   [Kremote: Resolving deltas:  51% (23/45)   [Kremote: Resolving deltas:  53% (24/45)   [Kremote: Resolving deltas:  55% (25/45)   [Kremote: Resolving deltas:  57% (26/45)   [Kremote: Resolving deltas:  60% (27/45)   [Kremote: Resolving deltas:  62% (28/45)   [Kremote: Resolving deltas:  64% (29/45)   [Kremote: Resolving deltas:  66% (30/45)   [Kremote: Resolving deltas:  68% (31/45)   [Kremote: Resolving deltas:  71% (32/45)   [Kremote: Resolving deltas:  73% (33/45)   [Kremote: Resolving deltas:  75% (34/45)   [Kremote: Resolving deltas:  77% (35/45)   [Kremote: Resolving deltas:  80% (36/45)   [Kremote: Resolving deltas:  82% (37/45)   [Kremote: Resolving deltas:  84% (38/45)   [Kremote: Resolving deltas:  86% (39/45)   [Kremote: Resolving deltas:  88% (40/45)   [Kremote: Resolving deltas:  91% (41/45)   [Kremote: Resolving deltas:  93% (42/45)   [Kremote: Resolving deltas:  95% (43/45)   [Kremote: Resolving deltas:  97% (44/45)   [Kremote: Resolving deltas: 100% (45/45)   [Kremote: Resolving deltas: 100% (45/45), completed with 44 local objects.[K
To github.com:ilangurudev/data_science_blog.git
   1001955..22deb28  master -> master
]0;/home/gurudev/projects/data_science_blog]0;gurudev@beacon: ~/projects/data_science_blog[01;32mgurudev@beacon[00m:[01;34m~/projects/data_science_blog[00m$ git push origin mastercommit -a -m "kable styling"[1P[C[C[C[C[C[C[C[C[C[C[C[C[C[C[C[C[C[C[C[C[C[C[C[Cadd -A[K
]0;/home/gurudev/projects/data_science_blog]0;gurudev@beacon: ~/projects/data_science_blog[01;32mgurudev@beacon[00m:[01;34m~/projects/data_science_blog[00m$ git add -Apush origin mastercommit -a -m "kable styling" "a"p"p"r"o"x"m"a"p"
[master e314ab8] kable styling approxmap
 6 files changed, 57 insertions(+), 30 deletions(-)
]0;/home/gurudev/projects/data_science_blog]0;gurudev@beacon: ~/projects/data_science_blog[01;32mgurudev@beacon[00m:[01;34m~/projects/data_science_blog[00m$ git commit -a -m "kable styling approxmap"add -A[Kpush origin master
Counting objects: 15, done.
Delta compression using up to 8 threads.
Compressing objects:   7% (1/14)   Compressing objects:  14% (2/14)   Compressing objects:  21% (3/14)   Compressing objects:  28% (4/14)   Compressing objects:  35% (5/14)   Compressing objects:  42% (6/14)   Compressing objects:  50% (7/14)   Compressing objects:  57% (8/14)   Compressing objects:  64% (9/14)   Compressing objects:  71% (10/14)   Compressing objects:  78% (11/14)   Compressing objects:  85% (12/14)   Compressing objects:  92% (13/14)   Compressing objects: 100% (14/14)   Compressing objects: 100% (14/14), done.
Writing objects:   6% (1/15)   Writing objects:  13% (2/15)   Writing objects:  20% (3/15)   Writing objects:  26% (4/15)   Writing objects:  33% (5/15)   Writing objects:  40% (6/15)   Writing objects:  46% (7/15)   Writing objects:  53% (8/15)   Writing objects:  60% (9/15)   Writing objects:  66% (10/15)   Writing objects:  73% (11/15)   Writing objects:  80% (12/15)   Writing objects:  86% (13/15)   Writing objects:  93% (14/15)   Writing objects: 100% (15/15)   Writing objects: 100% (15/15), 3.41 KiB | 3.41 MiB/s, done.
Total 15 (delta 10), reused 0 (delta 0)
remote: Resolving deltas:   0% (0/10)   [Kremote: Resolving deltas:  10% (1/10)   [Kremote: Resolving deltas:  20% (2/10)   [Kremote: Resolving deltas:  30% (3/10)   [Kremote: Resolving deltas:  40% (4/10)   [Kremote: Resolving deltas:  50% (5/10)   [Kremote: Resolving deltas:  60% (6/10)   [Kremote: Resolving deltas:  70% (7/10)   [Kremote: Resolving deltas:  80% (8/10)   [Kremote: Resolving deltas:  90% (9/10)   [Kremote: Resolving deltas: 100% (10/10)   [Kremote: Resolving deltas: 100% (10/10), completed with 10 local objects.[K
To github.com:ilangurudev/data_science_blog.git
   22deb28..e314ab8  master -> master
Rscript R/generate_reports.R [8Pcd projects/lifehack/[9Psh r_cmd.sh udo apt-get install texlive-fonts-extrah r_cmd.sh [Kcd projects/lifehack/Rscript R/generate_reports.R [Kgit add -A
]0;/home/gurudev/projects/data_science_blog]0;gurudev@beacon: ~/projects/data_science_blog[01;32mgurudev@beacon[00m:[01;34m~/projects/data_science_blog[00m$ git commit -a -m "emoji test"